
> my-project@0.1.0 prebuild /home/runner/work/nexus-premium-ui/nexus-premium-ui/nexus-premium-ui
> node ./scripts/copy-maplibre-worker.mjs

[NEXUS] MapLibre worker assets ready: /home/runner/work/nexus-premium-ui/nexus-premium-ui/nexus-premium-ui/public/maplibre, /home/runner/work/nexus-premium-ui/nexus-premium-ui/public/maplibre

> my-project@0.1.0 build /home/runner/work/nexus-premium-ui/nexus-premium-ui/nexus-premium-ui
> next build

⚠ No build cache found. Please configure build caching for faster rebuilds. Read more: https://nextjs.org/docs/messages/no-cache
Attention: Next.js now collects completely anonymous telemetry regarding usage.
This information is used to shape Next.js' roadmap and prioritize features.
You can learn more, including how to opt-out if you'd not like to participate in this anonymous program, by visiting the following URL:
https://nextjs.org/telemetry

▲ Next.js 16.2.6 (Turbopack)
- Environments: .env.production

  Creating an optimized production build ...
✓ Compiled successfully in 6.2s
  Running TypeScript ...
Failed to type check.

./components/nexus/venue-recommendations.tsx:167:7
Type error: An object literal cannot have multiple properties with the same name.

  [90m165 |[0m       vibe,
  [90m166 |[0m       activityId,
[31m[1m>[0m [90m167 |[0m       activityId,
  [90m    |[0m       [31m[1m^[0m
  [90m168 |[0m       lat: midpoint.lat,
  [90m169 |[0m       lng: midpoint.lng,
  [90m170 |[0m       limit: [35m8[0m,
Next.js build worker exited with code: 1 and signal: null
/home/runner/work/nexus-premium-ui/nexus-premium-ui/nexus-premium-ui:
 ERR_PNPM_RECURSIVE_RUN_FIRST_FAIL  my-project@0.1.0 build: `next build`
Exit status 1
